============================================================ 
  winget install session started at 08.10.2026 12:46:34,30         
  Repository: E:\YandexDisk\WinGET\source\repositories.tmp.txt                                 
============================================================ 
[WARN] Not running as Administrator 
[INFO] winget version: 
v1.29.380
[INSTALL] ﻿AIMP.AIMP 
Не найдены пакеты, совпадающие с введенными условиями.
[WARN] Failed to install ﻿AIMP.AIMP. Exit code: -1978335212
[FAIL] ﻿AIMP.AIMP (exit -1978335212
=================================================== 
  SUMMARY 
  Total     : 1 
  Installed : 0 
  Skipped   : 0 
  Failed    : 1 
  Failed list: ﻿AIMP.AIMP 
  Telegram  : 0 
=================================================== 
  Session ended at 08.10.2026 12:46:37,90 
