============================================================ 
  winget install session started at 08.10.2026 23:23:21,38         
  Repository: E:\YandexDisk\WinGET\source\repositories.tmp.txt                                 
============================================================ 
[WARN] Not running as Administrator 
[INFO] winget version: 
v1.29.380
[INSTALL] ﻿VideoLAN.VLC 
Не найдены пакеты, совпадающие с введенными условиями.
[WARN] Failed to install ﻿VideoLAN.VLC. Exit code: -1978335212
[FAIL] ﻿VideoLAN.VLC (exit -1978335212
[INSTALL] RevoUninstaller.RevoUninstallerPro 
Найдено Revo Uninstaller Pro [RevoUninstaller.RevoUninstallerPro] Версия 5.5.4.0
Лицензия на это приложение предоставлена вам владельцем.
Корпорация Майкрософт не несет ответственность за сторонние пакеты и не предоставляет для них никакие лицензии.
Скачивание https://download.revouninstaller.com/download/RevoUninProSetup.exe
Хэш установщика успешно проверен
Запуск установки пакета...
Установщик запросит запуск от имени администратора. Ожидайте запроса.
Успешно установлено
[OK] RevoUninstaller.RevoUninstallerPro 
[INSTALL] Oracle.VirtualBox 
Найдено Oracle VirtualBox [Oracle.VirtualBox] Версия 7.2.20
Лицензия на это приложение предоставлена вам владельцем.
Корпорация Майкрософт не несет ответственность за сторонние пакеты и не предоставляет для них никакие лицензии.
Для этого пакета требуются следующие зависимости:
  - Пакеты
      Microsoft.VCRedist.2015+.x64
Скачивание https://download.virtualbox.org/virtualbox/7.2.20/VirtualBox-7.2.20-175154-Win.exe
Хэш установщика успешно проверен
Запуск установки пакета...
Успешно установлено
[OK] Oracle.VirtualBox 
=================================================== 
  SUMMARY 
  Total     : 3 
  Installed : 2 
  Skipped   : 0 
  Failed    : 3 
  Failed list: ﻿VideoLAN.VLC RevoUninstaller.RevoUninstallerPro Oracle.VirtualBox 
  Telegram  : 0 
=================================================== 
  Session ended at 08.10.2026 23:25:45,52 
[BAT_DONE] rc=1 
============================================================ 
  winget install session started at 08.10.2026 23:41:24,98         
  Repository: E:\YandexDisk\WinGET\source\repositories.tmp.txt                                 
============================================================ 
[INFO] winget version: 
v1.29.380
[INSTALL] Rufus.Rufus 
Найдено Rufus [Rufus.Rufus] Версия 4.15
Лицензия на это приложение предоставлена вам владельцем.
Корпорация Майкрософт не несет ответственность за сторонние пакеты и не предоставляет для них никакие лицензии.
Скачивание https://github.com/pbatard/rufus/releases/download/v4.15/rufus-4.15.exe
Хэш установщика успешно проверен
Запуск установки пакета...
Перезапись существующего файла:C:\Users\KIRILL\AppData\Local\Microsoft\WinGet\Links\rufus.exe
Добавлен псевдоним командной строки: "rufus"
Успешно установлено
[OK] Rufus.Rufus 
[INSTALL] RevoUninstaller.RevoUninstaller 
Найдено Revo Uninstaller [RevoUninstaller.RevoUninstaller] Версия 2.7.2
Лицензия на это приложение предоставлена вам владельцем.
Корпорация Майкрософт не несет ответственность за сторонние пакеты и не предоставляет для них никакие лицензии.
Скачивание https://revouninstaller.b-cdn.net/ruf272/revosetup.exe
Хэш установщика успешно проверен
Запуск установки пакета...
Успешно установлено
[OK] RevoUninstaller.RevoUninstaller 
[INSTALL] Oracle.VirtualBox 
Найдено Oracle VirtualBox [Oracle.VirtualBox] Версия 7.2.20
Лицензия на это приложение предоставлена вам владельцем.
Корпорация Майкрософт не несет ответственность за сторонние пакеты и не предоставляет для них никакие лицензии.
Для этого пакета требуются следующие зависимости:
  - Пакеты
      Microsoft.VCRedist.2015+.x64
Скачивание https://download.virtualbox.org/virtualbox/7.2.20/VirtualBox-7.2.20-175154-Win.exe
Хэш установщика успешно проверен
Запуск установки пакета...
Успешно установлено
[OK] Oracle.VirtualBox 
[INSTALL] Ghisler.TotalCommander 
Найдено Total Commander [Ghisler.TotalCommander] Версия 11.58
Лицензия на это приложение предоставлена вам владельцем.
Корпорация Майкрософт не несет ответственность за сторонние пакеты и не предоставляет для них никакие лицензии.
Скачивание https://totalcommander.ch/1158/tcmd1158x64.exe
Хэш установщика успешно проверен
Запуск установки пакета...
Успешно установлено
[OK] Ghisler.TotalCommander 
=================================================== 
  SUMMARY 
  Total     : 4 
  Installed : 4 
  Skipped   : 0 
  Failed    : 4 
  Failed list: Rufus.Rufus RevoUninstaller.RevoUninstaller Oracle.VirtualBox Ghisler.TotalCommander 
  Telegram  : 0 
=================================================== 
  Session ended at 08.10.2026 23:43:40,78 
[BAT_DONE] rc=1 
============================================================ 
  winget install session started at 08.10.2026 23:50:58,84         
  Repository: E:\YandexDisk\WinGET\source\repositories.tmp.txt                                 
============================================================ 
[INFO] winget version: 
v1.29.380
[INSTALL] 7zip.7zip 
[SKIP] 7zip.7zip 
[INSTALL] Rufus.Rufus 
[SKIP] Rufus.Rufus 
[INSTALL] RevoUninstaller.RevoUninstaller 
[SKIP] RevoUninstaller.RevoUninstaller 
[INSTALL] Notepad++.Notepad++ 
[SKIP] Notepad++.Notepad++ 
=================================================== 
  SUMMARY 
  Total     : 4 
  Installed : 0 
  Skipped   : 4 
  Failed    : 0 
  Telegram  : 0 
=================================================== 
  Session ended at 08.10.2026 23:51:01,58 
[BAT_DONE] rc=0 
