============================================================ 
  install session started at 09.10.2026 22:47:29,23                 
  Repository: E:\YandexDisk\Wingetlauncher для проверки обновлений\source\repositories.tmp.txt                                 
  Manager: winget                                       
============================================================ 
[INSTALL] Git.Git 
Найдено Git [Git.Git] Версия 2.55.0.5
Лицензия на это приложение предоставлена вам владельцем.
Корпорация Майкрософт не несет ответственность за сторонние пакеты и не предоставляет для них никакие лицензии.
Скачивание https://github.com/git-for-windows/git/releases/download/v2.55.0.windows.5/Git-2.55.0.5-64-bit.exe
Хэш установщика успешно проверен
Запуск установки пакета...
Успешно установлено
[OK] Git.Git (winget) 
=================================================== 
  SUMMARY 
  Manager   : winget 
  Total     : 1 
  Installed : 1 
  Skipped   : 0 
  Failed    : 0 
=================================================== 
  Session ended at 09.10.2026 22:48:03,25 
[BAT_DONE] rc=0 
